// Jest Snapshot v1, https://goo.gl/fbAQLP

exports[`not-found snapshots render default 1`] = `
<Fragment>
  <Head>
    <title>
      Demo Blog - Next.js medium style boilerplate
    </title>
  </Head>
  <div
    className="d-flex justify-content-center align-items-center"
    style={
      Object {
        "height": "100vh",
      }
    }
  >
    <h1
      className="mr-3 pr-3 align-top border-right inline-block align-content-center"
    >
      404
    </h1>
    <div
      className="inline-block align-middle"
    >
      <h2
        className="font-weight-normal lead"
        id="desc"
      >
        The page you requested was not found.
      </h2>
    </div>
  </div>
</Fragment>
`;
