// Jest Snapshot v1, https://goo.gl/fbAQLP

exports[`subscription snapshots render default 1`] = `
<div
  className="border p-5 bg-lightblue"
>
  <div
    className="row justify-content-between"
  >
    <div
      className="col-md-5 mb-2 mb-md-0"
    >
      <h5
        className="font-weight-bold secondfont"
      >
        Become a member
      </h5>
      Get the latest news right in your inbox. We never spam!
    </div>
    <div
      className="col-md-7"
    >
      <div
        className="row"
      >
        <div
          className="col-md-12"
        >
          <input
            className="form-control"
            disabled={false}
            onChange={[Function]}
            placeholder="Enter your e-mail address"
            type="email"
            value=""
          />
        </div>
        <div
          className="col-md-12 mt-2"
        >
          <button
            className="btn btn-success btn-block"
            disabled={false}
            onClick={[Function]}
            type="submit"
          >
            Subscribe
          </button>
        </div>
      </div>
    </div>
  </div>
</div>
`;
